<html><body>
<cookie-solution-policy-formatter>
    <div class="prose">
        <h1>
            Privacy policy
        </h1>

        <p>Our Privacy Policy explains how we collect, use, and protect your personal information in accordance with the EU General Data Protection Regulation (GDPR).</p>
<h3>Information Collection</h3>
<p>We collect personal information when you use our website, such as your name, email address, and IP address.
We also collect information about your browsing habits, such as the pages you visit and the links you click on.
This information is used to improve our website and provide you with a better user experience.</p>
<h3>Use of Information</h3>
<p>The personal information we collect is used to provide you with the services you request, such as sending you newsletters or responding to your inquiries.
We may also use your information to contact you regarding updates to our website or new services we offer.</p>
<h3>Sharing of Information</h3>
<p>We do not share your personal information with any third parties, except in cases where we are required to do so by law.
We take reasonable steps to ensure that any third-party service providers we work with have appropriate measures in place to protect your personal information.</p>
<h3>Data Protection</h3>
<p>We take appropriate technical and organizational measures to protect your personal information from loss, misuse, unauthorized access, disclosure, alteration, or destruction.</p>
<h3>Your Rights</h3>
<p>You have the right to access, correct, delete, or transfer your personal information at any time.
You also have the right to object to the processing of your personal information or to request that we limit the processing of your personal information.</p>
<p>If you have any questions or concerns about our Privacy Policy or the way we handle your personal information, please contact us.</p>
<p>By using our website, you consent to our collection, use, and sharing of your personal information in accordance with this Privacy Policy.</p>


        
                    <h3>
                Used services
            </h3>
            <div class="space-y-8">
                                    <div class="border-l-4 border-gray-300 px-4">
                        <div class="md:flex justify-between">
                            <div>
                                <span class="block font-medium md:inline">Google Analytics 4</span>
                                <span class="block text-sm md:inline md:text-sm">(Google LLC)</span>
                            </div>
                                                            <a href="https://policies.google.com/privacy" target="_blank" rel="noreferrer nofollow" class="text-sm">
                                    privacy policy
                                </a>
                                                    </div>
                        <div class="mt-4 text-sm">
                            Google Analytics is a statistics service and uses cookies to collect data on website visitors. The data collected by Google Analytics is anonymous and does not include personal information. Google may use the data collected to contextualize and personalize the ads of its advertising network. You can get more information about Google Analytics and how to opt out of data collection by visiting the Google Analytics website.
                        </div>
                                                    <div class="mt-4 text-sm">
                                Data processing location:
                                <span class="underline">United States</span>
                            </div>
                                            </div>
                                    <div class="border-l-4 border-gray-300 px-4">
                        <div class="md:flex justify-between">
                            <div>
                                <span class="block font-medium md:inline">Google Tag Manager</span>
                                <span class="block text-sm md:inline md:text-sm">(Google LLC)</span>
                            </div>
                                                            <a href="https://policies.google.com/privacy" target="_blank" rel="noreferrer nofollow" class="text-sm">
                                    privacy policy
                                </a>
                                                    </div>
                        <div class="mt-4 text-sm">
                            Google Tag Manager is a service that allows to add and manage various marketing and analytics tags through a single interface. Google Tag Manager does not collect any personal information, but it may pass data to other services such as Google Analytics, Adwords, and others. You can learn more about Google Tag Manager and its data practices by visiting the Google Tag Manager website.
                        </div>
                                                    <div class="mt-4 text-sm">
                                Data processing location:
                                <span class="underline">United States</span>
                            </div>
                                            </div>
                                    <div class="border-l-4 border-gray-300 px-4">
                        <div class="md:flex justify-between">
                            <div>
                                <span class="block font-medium md:inline">Facebook Pixel</span>
                                <span class="block text-sm md:inline md:text-sm">(Meta Platforms, Inc.)</span>
                            </div>
                                                            <a href="https://www.facebook.com/privacy/explanation" target="_blank" rel="noreferrer nofollow" class="text-sm">
                                    privacy policy
                                </a>
                                                    </div>
                        <div class="mt-4 text-sm">
                            Facebook Pixel uses cookies to collect data about website visitors. The data collected by Facebook Pixel is anonymous and does not include personal information. Facebook may use the collected data to target ads to website visitors and to understand the effectiveness of Facebook advertising campaigns. You can learn more about Facebook Pixel and how to opt out of data collection by visiting the Facebook website.
                        </div>
                                                    <div class="mt-4 text-sm">
                                Data processing location:
                                <span class="underline">United States</span>
                            </div>
                                            </div>
                            </div>
            </div>
</cookie-solution-policy-formatter>
</body></html>
