<html><body>
<cookie-solution-policy-formatter>
    <div class="prose">
        <h1>Cookies policy</h1>

        <p>This website uses cookies to improve user experience.
By using our website, you consent to the use of cookies in accordance with our cookie policy.</p>
<h3>What are cookies?</h3>
<p>Cookies are small text files that are placed on your device by websites that you visit.
They are widely used in order to make websites work, or work more efficiently, as well as to provide information to the owners of the site.</p>
<h3>Types of Cookies used</h3>
<p><strong>Session Cookies</strong>: These cookies are temporary and are deleted from your device when you close your web browser.
<strong>Persistent Cookies</strong>: These cookies remain on your device until they expire or are deleted.</p>
<p>Our website uses both session and persistent cookies.
We use cookies to remember your preferences, such as language and font size, to enhance your browsing experience.
We also use cookies to gather anonymous analytics about how our website is used, so we can improve it for you.</p>
<h3>Opting Out of Cookies</h3>
<p>You have the ability to accept or decline cookies by modifying the settings in your browser.
However, please be aware that disabling cookies may prevent you from being able to use certain features of our website.</p>
<h3>Data Protection</h3>
<p>We will not share any information collected through cookies with any third parties.
The data collected will be used solely for the purposes outlined in this cookie policy.</p>
<p>In compliance with EU General Data Protection Regulation (GDPR), we will obtain your consent before placing any non-essential cookies on your device.</p>
<h3>Contact Us</h3>
<p>If you have any questions or concerns regarding our cookie policy, please contact us.</p>
<p>By using our website, you consent to our use of cookies in accordance with this cookie policy.</p>


                    <h3>
                Used cookies list
            </h3>
            <div class="space-y-8 mt-8">
                                                                                                                                    <div>
                            <div>
                                <span class="block font-bold">Statistics</span>
                            </div>
                            <div>
                                                                                                        <div class="mt-4 border-l-4 border-gray-300 px-4">
                                        <div>
                                            <span class="block font-medium md:inline">Google Analytics 4</span>
                                            <span class="block text-sm md:inline md:text-sm">(Google LLC)</span>
                                        </div>
                                        <div class="mt-2 divide-y divide-gray-100">
                                                                                            <div class="grid grid-cols-2 items-center gap-2 py-1 sm:grid-cols-4">
                                                    <div>
                                                        <span class="text-sm font-bold italic">_ga</span>
                                                    </div>
                                                    <div class="flex justify-end sm:justify-start">
                                                        <span class="rounded-lg bg-gray-100 px-2 py-1 text-sm font-bold text-gray-700">
                                                            <cookie-solution-duration duration="730"></cookie-solution-duration>
                                                        </span>
                                                    </div>
                                                    <div class="col-span-2 text-sm">
                                                        Used to distinguish users.
                                                    </div>
                                                </div>
                                                                                            <div class="grid grid-cols-2 items-center gap-2 py-1 sm:grid-cols-4">
                                                    <div>
                                                        <span class="text-sm font-bold italic">_ga_*</span>
                                                    </div>
                                                    <div class="flex justify-end sm:justify-start">
                                                        <span class="rounded-lg bg-gray-100 px-2 py-1 text-sm font-bold text-gray-700">
                                                            <cookie-solution-duration duration="730"></cookie-solution-duration>
                                                        </span>
                                                    </div>
                                                    <div class="col-span-2 text-sm">
                                                        Used to maintain session status.
                                                    </div>
                                                </div>
                                                                                    </div>
                                    </div>
                                                            </div>
                        </div>
                                                                                <div>
                            <div>
                                <span class="block font-bold">Marketing</span>
                            </div>
                            <div>
                                                                                                        <div class="mt-4 border-l-4 border-gray-300 px-4">
                                        <div>
                                            <span class="block font-medium md:inline">Facebook Pixel</span>
                                            <span class="block text-sm md:inline md:text-sm">(Meta Platforms, Inc.)</span>
                                        </div>
                                        <div class="mt-2 divide-y divide-gray-100">
                                                                                            <div class="grid grid-cols-2 items-center gap-2 py-1 sm:grid-cols-4">
                                                    <div>
                                                        <span class="text-sm font-bold italic">_fbp</span>
                                                    </div>
                                                    <div class="flex justify-end sm:justify-start">
                                                        <span class="rounded-lg bg-gray-100 px-2 py-1 text-sm font-bold text-gray-700">
                                                            <cookie-solution-duration duration="90"></cookie-solution-duration>
                                                        </span>
                                                    </div>
                                                    <div class="col-span-2 text-sm">
                                                        Used to store and track visits across websites.
                                                    </div>
                                                </div>
                                                                                            <div class="grid grid-cols-2 items-center gap-2 py-1 sm:grid-cols-4">
                                                    <div>
                                                        <span class="text-sm font-bold italic">fr</span>
                                                    </div>
                                                    <div class="flex justify-end sm:justify-start">
                                                        <span class="rounded-lg bg-gray-100 px-2 py-1 text-sm font-bold text-gray-700">
                                                            <cookie-solution-duration duration="90"></cookie-solution-duration>
                                                        </span>
                                                    </div>
                                                    <div class="col-span-2 text-sm">
                                                        Used to provide ad delivery or retargeting.
                                                    </div>
                                                </div>
                                                                                    </div>
                                    </div>
                                                            </div>
                        </div>
                                                </div>
            </div>
</cookie-solution-policy-formatter>
</body></html>
