<html><body>
<cookie-solution-policy-formatter>
    <div class="prose">
        <h1>
            Privacy policy
        </h1>

        <p>Our Privacy Policy explains how we collect, use, and protect your personal information in accordance with the EU General Data Protection Regulation (GDPR).</p>
<h3>Information Collection</h3>
<p>We collect personal information when you use our website, such as your name, email address, and IP address.
We also collect information about your browsing habits, such as the pages you visit and the links you click on.
This information is used to improve our website and provide you with a better user experience.</p>
<h3>Use of Information</h3>
<p>The personal information we collect is used to provide you with the services you request, such as sending you newsletters or responding to your inquiries.
We may also use your information to contact you regarding updates to our website or new services we offer.</p>
<h3>Sharing of Information</h3>
<p>We do not share your personal information with any third parties, except in cases where we are required to do so by law.
We take reasonable steps to ensure that any third-party service providers we work with have appropriate measures in place to protect your personal information.</p>
<h3>Data Protection</h3>
<p>We take appropriate technical and organizational measures to protect your personal information from loss, misuse, unauthorized access, disclosure, alteration, or destruction.</p>
<h3>Your Rights</h3>
<p>You have the right to access, correct, delete, or transfer your personal information at any time.
You also have the right to object to the processing of your personal information or to request that we limit the processing of your personal information.</p>
<p>If you have any questions or concerns about our Privacy Policy or the way we handle your personal information, please contact us.</p>
<p>By using our website, you consent to our collection, use, and sharing of your personal information in accordance with this Privacy Policy.</p>


                    <h3>
                Data processing owner
            </h3>
            <div class="text-sm">
                <p><strong>Company Name</strong><br>Street 1<br>12345 City</p>

<p><strong>Data owner email:</strong> <a href="mailto:test@example.com">test@example.com</a></p>

            </div>
        
            </div>
</cookie-solution-policy-formatter>
</body></html>
